GAMS 30.2.0  r482c588 Released Feb  7, 2020 WEX-WEI x86 64bit/MS Windows - 06/17/20 16:45:13 Page 1
G e n e r a l   A l g e b r a i c   M o d e l i n g   S y s t e m
C o m p i l a t i o n


   1  set L ;
   2   
   3   
   5  Parameters
   6     x(L<) x-coordinates
   7     / 1 36
   8       2 23
   9       3 23
  10       4 10
  11       5 5   /
  12   
  13     y(L) y-coordinates
  14     / 1 20
  15       2 30
  16       3 56
  17       4 15
  18       5 5  /
  19   
  20     d(L) projected demand
  21     / 1 7
  22       2 3
  23       3 2
  24       4 4
  25       5 2 /
  26   
  27     s(L) units currently assigned
  28     /  1 6
  29        2 2
  30        3 3
  31        4 3
  32        5 4 /;
  34  alias(L,nL);
  35  Parameter dist(L,nL) distance;
  36  dist(L,nL) = sqrt( (x(nL) - x(L))*(x(nL) - x(L)) + (y(nL) - y(L))*(y(nL) - y(L)));
  37   
  38  Scalar c cost per kilometer /100/;
  39   
  40  Variable
  41    obj;
  42   
  43  Positive Variable
  44    z(L,nL);
  45   
  46  Equations
  47     objective
  48     balance1(L)
  49     balance2(L);
  50   
  51  objective.. sum((L,nL), dist(L,nL)*c*z(L,nL)) =e= obj;
  52   
  53  balance1(L) .. sum(nL, z(nL,L)) + s(L) =g= d(L) + sum(nL, z(L,nL)) ;
  54   
  55  balance2(L).. sum(nL, z(nL,L)) + s(L) =l= d(L) + sum(nL, z(L,nL)) ;
  56   
  57  Model AirAmbulance1 /objective,balance1/ ;
  58  Model AirAmbulance2 /objective,balance2/ ;
  59  if (sum(L,s(L)) > sum(L,d(L)),  Solve AirAmbulance1 using lp minimizing obj;
  60  else solve  AirAmbulance2 using lp minimizing obj);
  61  set HeliHeader /old,new,demand/
  62  assignHeader/x,y,value/;
  64  table assign(L,nL,assignHeader) helicoptpers assignment;
  65  table  numofHeli(L,HeliHeader) number of helicopters in L;
  67  assign(L,nL,'value')=z.l(L,nL);
  68  assign(L,nL,'x')=x(nL);
  69  assign(L,nL,'y')=y(nL);
  70  numofHeli(L,'old')=s(L);
  71  numofHeli(L,'new')=s(L)+sum(nL,z.l(nL,L))-sum(nL,z.L(L,nL));
  72  numofHeli(L,'demand')=d(L);


COMPILATION TIME     =        0.125 SECONDS      3 MB  30.2.0 r482c588 WEX-WEI


USER: CS526 Advanced Linear Programming              G200210/0001AS-GEN
      Course License UW-Madison, Prof Ferris, Spring 2020        DCE515
      License for teaching and research at degree granting institutions


**** FILE SUMMARY

Input      C:\Users\hasee\Documents\GitHub\GAMS-MIRO\AirAmbulance\AirAmbulance.gms
Output     C:\Users\hasee\Documents\GitHub\GAMS-MIRO\AirAmbulance\AirAmbulance.lst
