GAMS 31.1.0  r55b6ce3 Released May  1, 2020 WEX-WEI x86 64bit/MS Windows - 07/09/20 16:31:14 Page 1
G e n e r a l   A l g e b r a i c   M o d e l i n g   S y s t e m
C o m p i l a t i o n


   1  set L 'locations';
   2   
   3  set coord 'Coordinates'/x,y/;
   5  table LocInfo(L<,coord) Coordinates of loctions
   6    x  y
   7  1 36 20
   8  2 23 30
   9  3 23 56
  10  4 10 15
  11  5 5  5
  12  ;
  13   
  14  Parameters
  15   
  16     d(L) projected demand
  17     / 1 7
  18       2 3
  19       3 2
  20       4 4
  21       5 2 /
  22   
  23     s(L) units currently assigned
  24     /  1 6
  25        2 2
  26        3 3
  27        4 3
  28        5 4 /;
  30  alias(L,nL);
  31  Parameter dist(L,nL) distance;
  32  dist(L,nL) = sqrt( (LocInfo(nL,'x') - LocInfo(L,'x'))*(LocInfo(nL,'x') - LocInfo(L,'x')) + (LocInfo(nL,'y') - LocInfo(L,'y'))*(LocInfo(nL,'y') - LocInfo(L,'y')));
  33   
  34  Scalar c cost per kilometer /100/;
  35   
  36  Variable
  37    obj;
  38   
  39  Positive Variable
  40    z(L,nL);
  41   
  42  Equations
  43     objective
  44     balance1(L)
  45     balance2(L);
  46   
  47  objective.. sum((L,nL), dist(L,nL)*c*z(L,nL)) =e= obj;
  48   
  49  balance1(L) .. sum(nL, z(nL,L)) + s(L) =g= d(L) + sum(nL, z(L,nL)) ;
  50   
  51  balance2(L).. sum(nL, z(nL,L)) + s(L) =l= d(L) + sum(nL, z(L,nL)) ;
  52   
  53  Model AirAmbulance1 /objective,balance1/ ;
  54  Model AirAmbulance2 /objective,balance2/ ;
  55  if (sum(L,s(L)) > sum(L,d(L)),  Solve AirAmbulance1 using lp minimizing obj;
  56  else solve  AirAmbulance2 using lp minimizing obj);
  57  set HeliHeader /old,new,demand/
  58  assignHeader/x,y,value/;
  60  table assign(L,nL,assignHeader) helicoptpers assignment;
  61  table  numofHeli(L,HeliHeader) number of helicopters in L;
  63  assign(L,nL,'value')=z.l(L,nL);
  64  assign(L,nL,'x')=LocInfo(nL,'x');
  65  assign(L,nL,'y')=LocInfo(nL,'y');
  66  numofHeli(L,'old')=s(L);
  67  numofHeli(L,'new')=s(L)+sum(nL,z.l(nL,L))-sum(nL,z.L(L,nL));
  68  numofHeli(L,'demand')=d(L);


COMPILATION TIME     =        0.016 SECONDS      3 MB  31.1.0 r55b6ce3 WEX-WEI


USER: Michael Ferris Research Group - Eval           G191008/0001AS-GEN
      UW-Madison Computer Sciences Dept.                         DCE244
      License for teaching and research at degree granting institutions


**** FILE SUMMARY

Input      C:\Users\hasee\Documents\GitHub\GAMS-MIRO\AirAmbulance\AirAmbulance.gms
Output     C:\Users\hasee\Documents\GitHub\GAMS-MIRO\AirAmbulance\AirAmbulance.lst
