GAMS 31.2.0  r8ba6aed Released Jun 19, 2020 DEX-DEG x86 64bit/Mac OS X - 07/15/20 16:49:15 Page 1
G e n e r a l   A l g e b r a i c   M o d e l i n g   S y s t e m
C o m p i l a t i o n


   1  set L 'locations';
   2   
   3  set coord 'Coordinates'/x,y/;
GDXIN   /Users/ferris/Projects/GAMS-MIRO/AirAmbulance/_miro_gdxin_.gdx
   5  table LocInfo(L<,coord) Coordinates of locations
   6    x  y
   7  1 36 20
   8  2 23 30
   9  3 23 56
  10  4 10 15
  11  5 5  5
--- LOAD  L = 1:locinfo
--- LOAD  LocInfo = 1:locinfo
  12  ;
  13   
  14  Parameters
  15   
  16     d(L) Projected demand
  17     / 1 7
  18       2 3
  19       3 2
  20       4 4
--- LOAD  d = 2:d
  21       5 2 /
  22   
  23     s(L) Units currently assigned
  24     /  1 6
  25        2 2
  26        3 3
  27        4 3
--- LOAD  s = 3:s
  28        5 4 /;
  30  alias(L,nL);
  31  Parameter dist(L,nL) distance;
  32  dist(L,nL) = sqrt( (LocInfo(nL,'x') - LocInfo(L,'x'))*(LocInfo(nL,'x') - LocInfo(L,'x')) + (LocInfo(nL,'y') - LocInfo(L,'y'))*(LocInfo(nL,'y') - LocInfo(L,'y')));
  33   
  34  Scalar c cost per kilometer /100/;
  35   
  36  Variable
  37    obj;
  38   
  39  Positive Variable
  40    z(L,nL);
  41   
  42  Equations
  43     objective
  44     balance1(L)
  45     balance2(L);
  46   
  47  objective.. sum((L,nL), dist(L,nL)*c*z(L,nL)) =e= obj;
  48   
  49  balance1(L) .. sum(nL, z(nL,L)) + s(L) =g= d(L) + sum(nL, z(L,nL)) ;
  50   
GAMS 31.2.0  r8ba6aed Released Jun 19, 2020 DEX-DEG x86 64bit/Mac OS X - 07/15/20 16:49:15 Page 2
G e n e r a l   A l g e b r a i c   M o d e l i n g   S y s t e m
C o m p i l a t i o n


  51  balance2(L).. sum(nL, z(nL,L)) + s(L) =l= d(L) + sum(nL, z(L,nL)) ;
  52   
  53  Model AirAmbulance1 /objective,balance1/ ;
  54  Model AirAmbulance2 /objective,balance2/ ;
  55  if (sum(L,s(L)) > sum(L,d(L)),  Solve AirAmbulance1 using lp minimizing obj;
  56  else solve  AirAmbulance2 using lp minimizing obj);
  57  set HeliHeader /old,new,demand/
  58  assignHeader/x,y,value,tox,toy/;
  60  table assign(L,nL,assignHeader) Helicopters reassignment;
  61  table  numofHeli(L,HeliHeader) Number of helicopters in L;
  63  assign(L,nL,'value')=z.l(L,nL);
  64  assign(L,nL,'tox')=LocInfo(nL,'x');
  65  assign(L,nL,'toy')=LocInfo(nL,'y');
  66  assign(L,nL,'x')=LocInfo(L,'x');
  67  assign(L,nL,'y')=LocInfo(L,'y');
  68  numofHeli(L,'old')=s(L);
  69  numofHeli(L,'demand')=d(L);
  70  numofHeli(L,'new')=s(L)+sum(nL,z.l(nL,L))-sum(nL,z.L(L,nL));
  71   
GAMS 31.2.0  r8ba6aed Released Jun 19, 2020 DEX-DEG x86 64bit/Mac OS X - 07/15/20 16:49:15 Page 3
G e n e r a l   A l g e b r a i c   M o d e l i n g   S y s t e m
Include File Summary


   SEQ   GLOBAL TYPE      PARENT   LOCAL  FILENAME

     1        1 INPUT          0       0  /Users/ferris/Projects/GAMS-MIRO/AirAmbulance/AirAmbulance.gms
     2        4 GDXIN          1       4  /Users/ferris/Projects/GAMS-MIRO/AirAmbulance/_miro_gdxin_.gdx


COMPILATION TIME     =        0.002 SECONDS      3 MB  31.2.0 r8ba6aed DEX-DEG
GAMS 31.2.0  r8ba6aed Released Jun 19, 2020 DEX-DEG x86 64bit/Mac OS X - 07/15/20 16:49:15 Page 4
G e n e r a l   A l g e b r a i c   M o d e l i n g   S y s t e m
Equation Listing    SOLVE AirAmbulance2 Using LP From line 56


---- objective  =E=  

objective..  - obj + 1640.12194668567*z(1,2) + 3827.53184180093*z(1,3) + 2647.64045897475*z(1,4) + 3443.83507154451*z(1,5) + 1640.12194668567*z(2,1) + 2600*z(2,3) + 1984.94332412792*z(2,4) + 3080.58436014987*z(2,5) + 3827.53184180093*z(3,1) + 2600*z(3,2)
     
      + 4301.16263352131*z(3,4) + 5408.32691319598*z(3,5) + 2647.64045897475*z(4,1) + 1984.94332412792*z(4,2) + 4301.16263352131*z(4,3) + 1118.03398874989*z(4,5) + 3443.83507154451*z(5,1) + 3080.58436014987*z(5,2) + 5408.32691319598*z(5,3)
     
      + 1118.03398874989*z(5,4) =E= 0 ; (LHS = 0)
     

---- balance2  =L=  

balance2(1)..  - z(1,2) - z(1,3) - z(1,4) - z(1,5) + z(2,1) + z(3,1) + z(4,1) + z(5,1) =L= 3 ; (LHS = 0)
     
balance2(2)..  z(1,2) - z(2,1) - z(2,3) - z(2,4) - z(2,5) + z(3,2) + z(4,2) + z(5,2) =L= 1 ; (LHS = 0)
     
balance2(3)..  z(1,3) + z(2,3) - z(3,1) - z(3,2) - z(3,4) - z(3,5) + z(4,3) + z(5,3) =L= -1 ; (LHS = 0, INFES = 1 ****)
     
REMAINING 2 ENTRIES SKIPPED

GAMS 31.2.0  r8ba6aed Released Jun 19, 2020 DEX-DEG x86 64bit/Mac OS X - 07/15/20 16:49:15 Page 5
G e n e r a l   A l g e b r a i c   M o d e l i n g   S y s t e m
Column Listing      SOLVE AirAmbulance2 Using LP From line 56


---- obj  

obj
                (.LO, .L, .UP, .M = -INF, 0, +INF, 0)
       -1       objective


---- z  

z(1,2)
                (.LO, .L, .UP, .M = 0, 0, +INF, 0)
     1640.1219  objective
       -1       balance2(1)
        1       balance2(2)

z(1,3)
                (.LO, .L, .UP, .M = 0, 0, +INF, 0)
     3827.5318  objective
       -1       balance2(1)
        1       balance2(3)

z(1,4)
                (.LO, .L, .UP, .M = 0, 0, +INF, 0)
     2647.6405  objective
       -1       balance2(1)
        1       balance2(4)

REMAINING 17 ENTRIES SKIPPED
GAMS 31.2.0  r8ba6aed Released Jun 19, 2020 DEX-DEG x86 64bit/Mac OS X - 07/15/20 16:49:15 Page 6
G e n e r a l   A l g e b r a i c   M o d e l i n g   S y s t e m
Model Statistics    SOLVE AirAmbulance2 Using LP From line 56


MODEL STATISTICS

BLOCKS OF EQUATIONS           2     SINGLE EQUATIONS            6
BLOCKS OF VARIABLES           2     SINGLE VARIABLES           21
NON ZERO ELEMENTS            61


GENERATION TIME      =        0.004 SECONDS      4 MB  31.2.0 r8ba6aed DEX-DEG


EXECUTION TIME       =        0.004 SECONDS      4 MB  31.2.0 r8ba6aed DEX-DEG
GAMS 31.2.0  r8ba6aed Released Jun 19, 2020 DEX-DEG x86 64bit/Mac OS X - 07/15/20 16:49:15 Page 7
G e n e r a l   A l g e b r a i c   M o d e l i n g   S y s t e m
Solution Report     SOLVE AirAmbulance2 Using LP From line 56


               S O L V E      S U M M A R Y

     MODEL   AirAmbulance2       OBJECTIVE  obj
     TYPE    LP                  DIRECTION  MINIMIZE
     SOLVER  CPLEX               FROM LINE  56

**** SOLVER STATUS     1 Normal Completion         
**** MODEL STATUS      1 Optimal                   
**** OBJECTIVE VALUE             7161.8691

 RESOURCE USAGE, LIMIT          0.007      1000.000
 ITERATION COUNT, LIMIT         4    2000000000

IBM ILOG CPLEX   31.2.0 r8ba6aed Released Jun 19, 2020 DEG x86 64bit/Mac OS X 
--- GAMS/Cplex licensed for continuous and discrete problems.
Cplex 12.10.0.0

Space for names approximately 0.00 Mb
Use option 'names no' to turn use of names off
LP status(1): optimal
Cplex Time: 0.00sec (det. 0.02 ticks)
Optimal solution found.
Objective :        7161.869060


                           LOWER          LEVEL          UPPER         MARGINAL

---- EQU objective           .              .              .            -1.0000      

---- EQU balance2  

         LOWER          LEVEL          UPPER         MARGINAL

1        -INF            1.0000         3.0000          .          
2        -INF            1.0000         1.0000      -363.2507      
3        -INF           -1.0000        -1.0000     -2963.2507      
4        -INF            1.0000         1.0000     -2325.8011      
5        -INF           -2.0000        -2.0000     -3443.8351      

                           LOWER          LEVEL          UPPER         MARGINAL

---- VAR obj               -INF         7161.8691        +INF             .          

---- VAR z  

           LOWER          LEVEL          UPPER         MARGINAL

1.2          .              .            +INF         2003.3727      
1.3          .              .            +INF         6790.7826      
1.4          .              .            +INF         4973.4415      
1.5          .              .            +INF         6887.6701      
2.1          .              .            +INF         1276.8712      
2.3          .              .            +INF         5200.0000      
GAMS 31.2.0  r8ba6aed Released Jun 19, 2020 DEX-DEG x86 64bit/Mac OS X - 07/15/20 16:49:15 Page 8
G e n e r a l   A l g e b r a i c   M o d e l i n g   S y s t e m
Solution Report     SOLVE AirAmbulance2 Using LP From line 56


     VAR z  

           LOWER          LEVEL          UPPER         MARGINAL

2.4          .              .            +INF         3947.4937      
2.5          .              .            +INF         6161.1687      
3.1          .              .            +INF          864.2811      
3.2          .             1.0000        +INF             .          
3.4          .              .            +INF         3663.7130      
3.5          .              .            +INF         5888.9113      
4.1          .              .            +INF          321.8394      
4.2          .              .            +INF           22.3930      
4.3          .              .            +INF         4938.6123      
4.5          .              .            +INF         2236.0680      
5.1          .             1.0000        +INF             .          
5.2          .              .            +INF             .          
5.3          .              .            +INF         4927.7426      
5.4          .             1.0000        +INF             .          


**** REPORT SUMMARY :        0     NONOPT
                             0 INFEASIBLE
                             0  UNBOUNDED
GAMS 31.2.0  r8ba6aed Released Jun 19, 2020 DEX-DEG x86 64bit/Mac OS X - 07/15/20 16:49:15 Page 9
G e n e r a l   A l g e b r a i c   M o d e l i n g   S y s t e m
E x e c u t i o n


EXECUTION TIME       =        0.001 SECONDS      3 MB  31.2.0 r8ba6aed DEX-DEG


USER: Michael C. Ferris                              S200127/0001AN-GEN
      University of Wisconsin-Madison, Computer Sciences Dept.DCE000472
      License for teaching and research at degree granting institutions


**** FILE SUMMARY

Input      /Users/ferris/Projects/GAMS-MIRO/AirAmbulance/AirAmbulance.gms
Output     /Users/ferris/Projects/GAMS-MIRO/AirAmbulance/AirAmbulance.lst
