GAMS 31.1.0  r55b6ce3 Released May  1, 2020 WEX-WEI x86 64bit/MS Windows - 07/07/20 17:09:24 Page 1
G e n e r a l   A l g e b r a i c   M o d e l i n g   S y s t e m
C o m p i l a t i o n


   1  set n  input and output size ;
   3  table G(n<,*) G_ij: gain from transmitter j to receiver i
   4     n1  n2  n3  n4  n5
   5  n1 1   0.1 0.2 0.1 0
   6  n2 0.1 1   0.1 0.1 0
   7  n3 0.2 0.1 2   0.2 0.2
   8  n4 0.1 0.1 0.2 1   0.1
   9  n5 0   0   0.2 0.1 1
  10  ;
  11   
  12  scalar P transmitter power /0.5/;
  13  parameter sigma(n) /set.n 0.01/ ;
  15  alias(n,n1);
  16   
  17  variables z,q(n),FixU(n,n),u(n,n),u3(n,n),FixV(n),v(n),v3(n);
  18  Equations SmallestS(n),TransPower,ConeSU(n,n),ConeDU(n),ConeV(n),defSu3(n,n),defDu3(n),defv3(n);
  19   
  20  defSu3(n,n1)$(not sameas(n,n1) and G(n,n1) > 0)..
  21  u3(n,n1)=e= z+q(n1)-q(n)+log(G(n,n1)/G(n,n));
  22   
  23  ConeSU(n,n1)$(not sameas(n,n1) and G(n,n1) > 0)..
  24  u(n,n1) =g= FixU(n,n1)*exp(u3(n,n1)/FixU(n,n1));
  25   
  26  defDu3(n)$(sigma(n) >0)..
  27  u3(n,n) =e= z-q(n)+log(sigma(n)/G(n,n));
  28   
  29  ConeDU(n)$(sigma(n) >0)..
  30  u(n,n) =g= FixU(n,n)*exp(u3(n,n)/FixU(n,n));
  31   
  32  defv3(n)..
  33  v3(n) =e= q(n)-log(P);
  34   
  35  ConeV(n)..
  36  v(n) =g= FixV(n)*exp(v3(n)/FixV(n));
  37   
  38  SmallestS(n)..
  39  sum(n1$(G(n,n1)>0),u(n,n1)) =l= 1;
  40   
  41  TransPower..
  42  sum(n$(sigma(n) > 0),v(n)) =l= 1;
  43   
  44  FixU.fx(n,n1)=1;
  45  FixV.fx(n)=1;
  46  u.lo(n,n1)=0;
  47  v.lo(n)=0;
  48  model MaxWorst /SmallestS,TransPower,ConeSU,ConeDU,ConeV,defSu3,defDu3,defv3/;
  49  option nlp=mosek;
  50  solve MaxWorst using nlp maximizing z;
  51   
  52  set Header /MaxWorst,MaxAverage/;
  54  table power(n,Header) power;
  55  table s(n,Header) SINR;
  57  power(n,'MaxWorst')=exp(q.l(n));
  58  s(n,'MaxWorst')=G(n,n)*power(n,'MaxWorst')/(sum(n1$(not sameas(n,n1)),G(n,n1)*power(n1,'MaxWorst'))+sigma(n));
  59   
  60  variables zz(n),obj;
  61  Equations defSU2(n,n),defDU2(n),defobj;
  62   
  63  defSu2(n,n1)$(not sameas(n,n1) and G(n,n1) > 0)..
  64  u3(n,n1)=e= zz(n)+q(n1)-q(n)+log(G(n,n1)/G(n,n));
  65   
  66  defDu2(n)$(sigma(n) >0)..
  67  u3(n,n) =e= zz(n)-q(n)+log(sigma(n)/G(n,n));
  68   
  69   
  70  defobj..
  71  obj =e= sum(n,zz(n));
  72   
  73  model Average /SmallestS,TransPower,ConeSU,ConeDU,ConeV,defSu2,defDu2,defv3,defobj/;
  74  solve Average using nlp maximizing obj;
  75  power(n,'MaxAverage')=exp(q.l(n));
  76  s(n,'MaxAverage')=G(n,n)*power(n,'MaxAverage')/(sum(n1$(not sameas(n,n1)),G(n,n1)*power(n1,'MaxAverage'))+sigma(n));


COMPILATION TIME     =        0.000 SECONDS      3 MB  31.1.0 r55b6ce3 WEX-WEI
GAMS 31.1.0  r55b6ce3 Released May  1, 2020 WEX-WEI x86 64bit/MS Windows - 07/07/20 17:09:24 Page 2
G e n e r a l   A l g e b r a i c   M o d e l i n g   S y s t e m
Equation Listing    SOLVE MaxWorst Using NLP From line 50


---- SmallestS  =L=  

SmallestS(n1)..  u(n1,n1) + u(n1,n2) + u(n1,n3) + u(n1,n4) =L= 1 ; (LHS = 0)
     
SmallestS(n2)..  u(n2,n1) + u(n2,n2) + u(n2,n3) + u(n2,n4) =L= 1 ; (LHS = 0)
     
SmallestS(n3)..  u(n3,n1) + u(n3,n2) + u(n3,n3) + u(n3,n4) + u(n3,n5) =L= 1 ; (LHS = 0)
     
REMAINING 2 ENTRIES SKIPPED


---- TransPower  =L=  

TransPower..  v(n1) + v(n2) + v(n3) + v(n4) + v(n5) =L= 1 ; (LHS = 0)
     

---- ConeSU  =G=  

ConeSU(n1,n2)..  - (1)*FixU(n1,n2) + u(n1,n2) - (1)*u3(n1,n2) =G= 0 ; (LHS = -1, INFES = 1 ****)
     
ConeSU(n1,n3)..  - (1)*FixU(n1,n3) + u(n1,n3) - (1)*u3(n1,n3) =G= 0 ; (LHS = -1, INFES = 1 ****)
     
ConeSU(n1,n4)..  - (1)*FixU(n1,n4) + u(n1,n4) - (1)*u3(n1,n4) =G= 0 ; (LHS = -1, INFES = 1 ****)
     
REMAINING 13 ENTRIES SKIPPED


---- ConeDU  =G=  

ConeDU(n1)..  - (1)*FixU(n1,n1) + u(n1,n1) - (1)*u3(n1,n1) =G= 0 ; (LHS = -1, INFES = 1 ****)
     
ConeDU(n2)..  - (1)*FixU(n2,n2) + u(n2,n2) - (1)*u3(n2,n2) =G= 0 ; (LHS = -1, INFES = 1 ****)
     
ConeDU(n3)..  - (1)*FixU(n3,n3) + u(n3,n3) - (1)*u3(n3,n3) =G= 0 ; (LHS = -1, INFES = 1 ****)
     
REMAINING 2 ENTRIES SKIPPED


---- ConeV  =G=  

ConeV(n1)..  - (1)*FixV(n1) + v(n1) - (1)*v3(n1) =G= 0 ; (LHS = -1, INFES = 1 ****)
     
ConeV(n2)..  - (1)*FixV(n2) + v(n2) - (1)*v3(n2) =G= 0 ; (LHS = -1, INFES = 1 ****)
     
ConeV(n3)..  - (1)*FixV(n3) + v(n3) - (1)*v3(n3) =G= 0 ; (LHS = -1, INFES = 1 ****)
     
REMAINING 2 ENTRIES SKIPPED


---- defSu3  =E=  

defSu3(n1,n2)..  - z + q(n1) - q(n2) + u3(n1,n2) =E= -2.30258509299405 ; (LHS = 0, INFES = 2.30258509299405 ****)
     
defSu3(n1,n3)..  - z + q(n1) - q(n3) + u3(n1,n3) =E= -1.6094379124341 ; (LHS = 0, INFES = 1.6094379124341 ****)
     
defSu3(n1,n4)..  - z + q(n1) - q(n4) + u3(n1,n4) =E= -2.30258509299405 ; (LHS = 0, INFES = 2.30258509299405 ****)
     
REMAINING 13 ENTRIES SKIPPED


---- defDu3  =E=  

defDu3(n1)..  - z + q(n1) + u3(n1,n1) =E= -4.60517018598809 ; (LHS = 0, INFES = 4.60517018598809 ****)
     
defDu3(n2)..  - z + q(n2) + u3(n2,n2) =E= -4.60517018598809 ; (LHS = 0, INFES = 4.60517018598809 ****)
     
defDu3(n3)..  - z + q(n3) + u3(n3,n3) =E= -5.29831736654804 ; (LHS = 0, INFES = 5.29831736654804 ****)
     
REMAINING 2 ENTRIES SKIPPED


---- defv3  =E=  

defv3(n1)..  - q(n1) + v3(n1) =E= 0.693147180559945 ; (LHS = 0, INFES = 0.693147180559945 ****)
     
defv3(n2)..  - q(n2) + v3(n2) =E= 0.693147180559945 ; (LHS = 0, INFES = 0.693147180559945 ****)
     
defv3(n3)..  - q(n3) + v3(n3) =E= 0.693147180559945 ; (LHS = 0, INFES = 0.693147180559945 ****)
     
REMAINING 2 ENTRIES SKIPPED

GAMS 31.1.0  r55b6ce3 Released May  1, 2020 WEX-WEI x86 64bit/MS Windows - 07/07/20 17:09:24 Page 3
G e n e r a l   A l g e b r a i c   M o d e l i n g   S y s t e m
Column Listing      SOLVE MaxWorst Using NLP From line 50


---- z  

z
                (.LO, .L, .UP, .M = -INF, 0, +INF, 0)
       -1       defSu3(n1,n2)
       -1       defSu3(n1,n3)
       -1       defSu3(n1,n4)
       -1       defSu3(n2,n1)
       -1       defSu3(n2,n3)
       -1       defSu3(n2,n4)
       -1       defSu3(n3,n1)
       -1       defSu3(n3,n2)
       -1       defSu3(n3,n4)
       -1       defSu3(n3,n5)
       -1       defSu3(n4,n1)
       -1       defSu3(n4,n2)
       -1       defSu3(n4,n3)
       -1       defSu3(n4,n5)
       -1       defSu3(n5,n3)
       -1       defSu3(n5,n4)
       -1       defDu3(n1)
       -1       defDu3(n2)
       -1       defDu3(n3)
       -1       defDu3(n4)
       -1       defDu3(n5)


---- q  

q(n1)
                (.LO, .L, .UP, .M = -INF, 0, +INF, 0)
        1       defSu3(n1,n2)
        1       defSu3(n1,n3)
        1       defSu3(n1,n4)
       -1       defSu3(n2,n1)
       -1       defSu3(n3,n1)
       -1       defSu3(n4,n1)
        1       defDu3(n1)
       -1       defv3(n1)

q(n2)
                (.LO, .L, .UP, .M = -INF, 0, +INF, 0)
       -1       defSu3(n1,n2)
        1       defSu3(n2,n1)
        1       defSu3(n2,n3)
        1       defSu3(n2,n4)
       -1       defSu3(n3,n2)
       -1       defSu3(n4,n2)
        1       defDu3(n2)
       -1       defv3(n2)

q(n3)
                (.LO, .L, .UP, .M = -INF, 0, +INF, 0)
       -1       defSu3(n1,n3)
       -1       defSu3(n2,n3)
        1       defSu3(n3,n1)
        1       defSu3(n3,n2)
        1       defSu3(n3,n4)
        1       defSu3(n3,n5)
       -1       defSu3(n4,n3)
       -1       defSu3(n5,n3)
        1       defDu3(n3)
       -1       defv3(n3)

REMAINING 2 ENTRIES SKIPPED

---- FixU  

FixU(n1,n1)
                (.LO, .L, .UP, .M = 1, 1, 1, 0)
      (-1)      ConeDU(n1)

FixU(n1,n2)
                (.LO, .L, .UP, .M = 1, 1, 1, 0)
      (-1)      ConeSU(n1,n2)

FixU(n1,n3)
                (.LO, .L, .UP, .M = 1, 1, 1, 0)
      (-1)      ConeSU(n1,n3)

REMAINING 18 ENTRIES SKIPPED

---- u  

u(n1,n1)
                (.LO, .L, .UP, .M = 0, 0, +INF, 0)
        1       SmallestS(n1)
        1       ConeDU(n1)

u(n1,n2)
                (.LO, .L, .UP, .M = 0, 0, +INF, 0)
        1       SmallestS(n1)
        1       ConeSU(n1,n2)

u(n1,n3)
                (.LO, .L, .UP, .M = 0, 0, +INF, 0)
        1       SmallestS(n1)
        1       ConeSU(n1,n3)

REMAINING 18 ENTRIES SKIPPED

---- u3  

u3(n1,n1)
                (.LO, .L, .UP, .M = -INF, 0, +INF, 0)
      (-1)      ConeDU(n1)
        1       defDu3(n1)

u3(n1,n2)
                (.LO, .L, .UP, .M = -INF, 0, +INF, 0)
      (-1)      ConeSU(n1,n2)
        1       defSu3(n1,n2)

u3(n1,n3)
                (.LO, .L, .UP, .M = -INF, 0, +INF, 0)
      (-1)      ConeSU(n1,n3)
        1       defSu3(n1,n3)

REMAINING 18 ENTRIES SKIPPED

---- FixV  

FixV(n1)
                (.LO, .L, .UP, .M = 1, 1, 1, 0)
      (-1)      ConeV(n1)

FixV(n2)
                (.LO, .L, .UP, .M = 1, 1, 1, 0)
      (-1)      ConeV(n2)

FixV(n3)
                (.LO, .L, .UP, .M = 1, 1, 1, 0)
      (-1)      ConeV(n3)

REMAINING 2 ENTRIES SKIPPED

---- v  

v(n1)
                (.LO, .L, .UP, .M = 0, 0, +INF, 0)
        1       TransPower
        1       ConeV(n1)

v(n2)
                (.LO, .L, .UP, .M = 0, 0, +INF, 0)
        1       TransPower
        1       ConeV(n2)

v(n3)
                (.LO, .L, .UP, .M = 0, 0, +INF, 0)
        1       TransPower
        1       ConeV(n3)

REMAINING 2 ENTRIES SKIPPED

---- v3  

v3(n1)
                (.LO, .L, .UP, .M = -INF, 0, +INF, 0)
      (-1)      ConeV(n1)
        1       defv3(n1)

v3(n2)
                (.LO, .L, .UP, .M = -INF, 0, +INF, 0)
      (-1)      ConeV(n2)
        1       defv3(n2)

v3(n3)
                (.LO, .L, .UP, .M = -INF, 0, +INF, 0)
      (-1)      ConeV(n3)
        1       defv3(n3)

REMAINING 2 ENTRIES SKIPPED
GAMS 31.1.0  r55b6ce3 Released May  1, 2020 WEX-WEI x86 64bit/MS Windows - 07/07/20 17:09:24 Page 4
G e n e r a l   A l g e b r a i c   M o d e l i n g   S y s t e m
Model Statistics    SOLVE MaxWorst Using NLP From line 50


MODEL STATISTICS

BLOCKS OF EQUATIONS           8     SINGLE EQUATIONS           58
BLOCKS OF VARIABLES           8     SINGLE VARIABLES           84
NON ZERO ELEMENTS           193     NON LINEAR N-Z             52
DERIVATIVE POOL              20     CONSTANT POOL              16
CODE LENGTH                 208


GENERATION TIME      =        0.047 SECONDS      4 MB  31.1.0 r55b6ce3 WEX-WEI


EXECUTION TIME       =        0.047 SECONDS      4 MB  31.1.0 r55b6ce3 WEX-WEI
GAMS 31.1.0  r55b6ce3 Released May  1, 2020 WEX-WEI x86 64bit/MS Windows - 07/07/20 17:09:24 Page 5
G e n e r a l   A l g e b r a i c   M o d e l i n g   S y s t e m
Solution Report     SOLVE MaxWorst Using NLP From line 50


               S O L V E      S U M M A R Y

     MODEL   MaxWorst            OBJECTIVE  z
     TYPE    NLP                 DIRECTION  MAXIMIZE
     SOLVER  MOSEK               FROM LINE  50

**** SOLVER STATUS     1 Normal Completion         
**** MODEL STATUS      1 Optimal                   
**** OBJECTIVE VALUE                0.7765

 RESOURCE USAGE, LIMIT          0.016      1000.000
 ITERATION COUNT, LIMIT         9    2000000000
 EVALUATION ERRORS             NA             0

---- EQU SmallestS  

          LOWER          LEVEL          UPPER         MARGINAL

n1        -INF            1.0000         1.0000         0.1960      
n2        -INF            1.0000         1.0000         0.1418      
n3        -INF            1.0000         1.0000         0.2748      
n4        -INF            1.0000         1.0000         0.2572      
n5        -INF            1.0000         1.0000         0.1302      

                           LOWER          LEVEL          UPPER         MARGINAL

---- EQU TransPower        -INF            1.0000         1.0000         0.1842      

---- EQU ConeSU  

             LOWER          LEVEL          UPPER         MARGINAL

n1.n2          .              .            +INF           -0.1960      
n1.n3          .              .            +INF           -0.1960      
n1.n4          .              .            +INF           -0.1960      
n2.n1          .              .            +INF           -0.1418      
n2.n3          .              .            +INF           -0.1418      
n2.n4          .              .            +INF           -0.1418      
n3.n1          .              .            +INF           -0.2748      
n3.n2          .              .            +INF           -0.2748      
n3.n4          .              .            +INF           -0.2748      
n3.n5          .              .            +INF           -0.2748      
n4.n1          .              .            +INF           -0.2572      
n4.n2          .              .            +INF           -0.2572      
n4.n3          .              .            +INF           -0.2572      
n4.n5          .              .            +INF           -0.2572      
n5.n3          .              .            +INF           -0.1302      
n5.n4          .              .            +INF           -0.1302      

---- EQU ConeDU  

          LOWER          LEVEL          UPPER         MARGINAL

n1          .              .            +INF           -0.1960      
n2          .              .            +INF           -0.1418      
n3          .              .            +INF           -0.2748      
n4          .              .            +INF           -0.2572      
n5          .              .            +INF           -0.1302      

---- EQU ConeV  

          LOWER          LEVEL          UPPER         MARGINAL

n1          .              .            +INF           -0.1842      
n2          .              .            +INF           -0.1842      
n3          .              .            +INF           -0.1842      
n4          .              .            +INF           -0.1842      
n5          .              .            +INF           -0.1842      

---- EQU defSu3  

             LOWER          LEVEL          UPPER         MARGINAL

n1.n2        -2.3026        -2.3026        -2.3026        -0.0362      
n1.n3        -1.6094        -1.6094        -1.6094        -0.0714      
n1.n4        -2.3026        -2.3026        -2.3026        -0.0488      
n2.n1        -2.3026        -2.3026        -2.3026        -0.0362      
n2.n3        -2.3026        -2.3026        -2.3026        -0.0303      
n2.n4        -2.3026        -2.3026        -2.3026        -0.0415      
n3.n1        -2.3026        -2.3026        -2.3026        -0.0713      
n3.n2        -2.9957        -2.9957        -2.9957        -0.0303      
n3.n4        -2.3026        -2.3026        -2.3026        -0.0817      
n3.n5        -2.3026        -2.3026        -2.3026        -0.0582      
n4.n1        -2.3026        -2.3026        -2.3026        -0.0488      
n4.n2        -2.3026        -2.3026        -2.3026        -0.0415      
n4.n3        -1.6094        -1.6094        -1.6094        -0.0817      
n4.n5        -2.3026        -2.3026        -2.3026        -0.0398      
n5.n3        -1.6094        -1.6094        -1.6094        -0.0582      
n5.n4        -2.3026        -2.3026        -2.3026        -0.0398      

---- EQU defDu3  

          LOWER          LEVEL          UPPER         MARGINAL

n1        -4.6052        -4.6052        -4.6052        -0.0396      
n2        -4.6052        -4.6052        -4.6052        -0.0337      
n3        -5.2983        -5.2983        -5.2983        -0.0332      
n4        -4.6052        -4.6052        -4.6052        -0.0454      
n5        -4.6052        -4.6052        -4.6052        -0.0323      

---- EQU defv3  

          LOWER          LEVEL          UPPER         MARGINAL

n1         0.6931         0.6931         0.6931        -0.0396      
n2         0.6931         0.6931         0.6931        -0.0337      
n3         0.6931         0.6931         0.6931        -0.0332      
n4         0.6931         0.6931         0.6931        -0.0454      
n5         0.6931         0.6931         0.6931        -0.0323      

                           LOWER          LEVEL          UPPER         MARGINAL

---- VAR z                 -INF            0.7765        +INF            EPS         

---- VAR q  

          LOWER          LEVEL          UPPER         MARGINAL

n1        -INF           -2.2296        +INF            EPS         
n2        -INF           -2.3916        +INF            EPS         
n3        -INF           -2.4074        +INF            EPS         
n4        -INF           -2.0938        +INF            EPS         
n5        -INF           -2.4341        +INF            EPS         

---- VAR FixU  

             LOWER          LEVEL          UPPER         MARGINAL

n1.n1         1.0000         1.0000         1.0000        -0.1030      
n1.n2         1.0000         1.0000         1.0000        -0.0974      
n1.n3         1.0000         1.0000         1.0000        -0.1435      
n1.n4         1.0000         1.0000         1.0000        -0.1167      
n2.n1         1.0000         1.0000         1.0000        -0.0857      
n2.n2         1.0000         1.0000         1.0000        -0.0821      
n2.n3         1.0000         1.0000         1.0000        -0.0771      
n2.n4         1.0000         1.0000         1.0000        -0.0925      
n3.n1         1.0000         1.0000         1.0000        -0.1675      
n3.n2         1.0000         1.0000         1.0000        -0.0972      
n3.n3         1.0000         1.0000         1.0000        -0.1033      
n3.n4         1.0000         1.0000         1.0000        -0.1808      
n3.n5         1.0000         1.0000         1.0000        -0.1485      
n4.n1         1.0000         1.0000         1.0000        -0.1299      
n4.n2         1.0000         1.0000         1.0000        -0.1172      
n4.n3         1.0000         1.0000         1.0000        -0.1755      
n4.n4         1.0000         1.0000         1.0000        -0.1241      
n4.n5         1.0000         1.0000         1.0000        -0.1140      
n5.n3         1.0000         1.0000         1.0000        -0.1050      
n5.n4         1.0000         1.0000         1.0000        -0.0870      
n5.n5         1.0000         1.0000         1.0000        -0.0773      

---- VAR u  

             LOWER          LEVEL          UPPER         MARGINAL

n1.n1          .             0.2021        +INF            EPS         
n1.n2          .             0.1849        +INF            EPS         
n1.n3          .             0.3640        +INF            EPS         
n1.n4          .             0.2490        +INF            EPS         
n2.n1          .             0.2556        +INF            EPS         
n2.n2          .             0.2376        +INF            EPS         
n2.n3          .             0.2140        +INF            EPS         
n2.n4          .             0.2928        +INF            EPS         
n3.n1          .             0.2597        +INF            EPS         
n3.n2          .             0.1104        +INF            EPS         
n3.n3          .             0.1207        +INF            EPS         
n3.n4          .             0.2975        +INF            EPS         
n3.n5          .             0.2117        +INF            EPS         
n4.n1          .             0.1898        +INF            EPS         
n4.n2          .             0.1614        +INF            EPS         
n4.n3          .             0.3177        +INF            EPS         
n4.n4          .             0.1764        +INF            EPS         
n4.n5          .             0.1547        +INF            EPS         
n5.n3          .             0.4465        +INF            EPS         
n5.n4          .             0.3055        +INF            EPS         
n5.n5          .             0.2479        +INF            EPS         

---- VAR u3  

             LOWER          LEVEL          UPPER         MARGINAL

n1.n1        -INF           -1.5990        +INF            EPS         
n1.n2        -INF           -1.6880        +INF            EPS         
n1.n3        -INF           -1.0107        +INF            EPS         
n1.n4        -INF           -1.3902        +INF            EPS         
n2.n1        -INF           -1.3641        +INF            EPS         
n2.n2        -INF           -1.4371        +INF            EPS         
n2.n3        -INF           -1.5419        +INF            EPS         
n2.n4        -INF           -1.2282        +INF            EPS         
n3.n1        -INF           -1.3483        +INF            EPS         
n3.n2        -INF           -2.2033        +INF            EPS         
n3.n3        -INF           -2.1144        +INF            EPS         
n3.n4        -INF           -1.2124        +INF            EPS         
n3.n5        -INF           -1.5527        +INF            EPS         
n4.n1        -INF           -1.6619        +INF            EPS         
n4.n2        -INF           -1.8239        +INF            EPS         
n4.n3        -INF           -1.1466        +INF            EPS         
n4.n4        -INF           -1.7349        +INF            EPS         
n4.n5        -INF           -1.8664        +INF            EPS         
n5.n3        -INF           -0.8062        +INF            EPS         
n5.n4        -INF           -1.1857        +INF            EPS         
n5.n5        -INF           -1.3945        +INF            EPS         

---- VAR FixV  

          LOWER          LEVEL          UPPER         MARGINAL

n1         1.0000         1.0000         1.0000        -0.1005      
n2         1.0000         1.0000         1.0000        -0.0909      
n3         1.0000         1.0000         1.0000        -0.0900      
n4         1.0000         1.0000         1.0000        -0.1089      
n5         1.0000         1.0000         1.0000        -0.0885      

---- VAR v  

          LOWER          LEVEL          UPPER         MARGINAL

n1          .             0.2151        +INF            EPS         
n2          .             0.1830        +INF            EPS         
n3          .             0.1801        +INF            EPS         
n4          .             0.2464        +INF            EPS         
n5          .             0.1754        +INF            EPS         

---- VAR v3  

          LOWER          LEVEL          UPPER         MARGINAL

n1        -INF           -1.5365        +INF            EPS         
n2        -INF           -1.6984        +INF            EPS         
n3        -INF           -1.7143        +INF            EPS         
n4        -INF           -1.4006        +INF            EPS         
n5        -INF           -1.7409        +INF            EPS         


**** REPORT SUMMARY :        0     NONOPT
                             0 INFEASIBLE
                             0  UNBOUNDED
                             0     ERRORS
                            35  PROJECTED
GAMS 31.1.0  r55b6ce3 Released May  1, 2020 WEX-WEI x86 64bit/MS Windows - 07/07/20 17:09:24 Page 6
G e n e r a l   A l g e b r a i c   M o d e l i n g   S y s t e m
Equation Listing    SOLVE Average Using NLP From line 74


---- SmallestS  =L=  

SmallestS(n1)..  u(n1,n1) + u(n1,n2) + u(n1,n3) + u(n1,n4) =L= 1 ; (LHS = 0.99999999918681)
     
SmallestS(n2)..  u(n2,n1) + u(n2,n2) + u(n2,n3) + u(n2,n4) =L= 1 ; (LHS = 0.999999995483204)
     
SmallestS(n3)..  u(n3,n1) + u(n3,n2) + u(n3,n3) + u(n3,n4) + u(n3,n5) =L= 1 ; (LHS = 1.00000000159121, INFES = 1.59120649989575E-9 ****)
     
REMAINING 2 ENTRIES SKIPPED


---- TransPower  =L=  

TransPower..  v(n1) + v(n2) + v(n3) + v(n4) + v(n5) =L= 1 ; (LHS = 0.999999996363833)
     

---- ConeSU  =G=  

ConeSU(n1,n2)..  - (0.496991969565658)*FixU(n1,n2) + u(n1,n2) - (0.184895164303622)*u3(n1,n2) =G= 0 ; (LHS = 2.58486806958835E-9)
     
ConeSU(n1,n3)..  - (0.731827317186065)*FixU(n1,n3) + u(n1,n3) - (0.363968736238983)*u3(n1,n3) =G= 0 ; (LHS = 9.27690924079627E-10)
     
ConeSU(n1,n4)..  - (0.595234106972007)*FixU(n1,n4) + u(n1,n4) - (0.249035111930514)*u3(n1,n4) =G= 0 ; (LHS = 2.20843879294996E-9)
     
REMAINING 13 ENTRIES SKIPPED


---- ConeDU  =G=  

ConeDU(n1)..  - (0.525257976481677)*FixU(n1,n1) + u(n1,n1) - (0.202100976236455)*u3(n1,n1) =G= 0 ; (LHS = 4.75623801454716E-9)
     
ConeDU(n2)..  - (0.57910306017186)*FixU(n2,n2) + u(n2,n2) - (0.237622443696436)*u3(n2,n2) =G= 0 ; (LHS = 4.97678009914182E-9)
     
ConeDU(n3)..  - (0.375938253298868)*FixU(n3,n3) + u(n3,n3) - (0.120711578791726)*u3(n3,n3) =G= 0 ; (LHS = 3.77684142294221E-9)
     
REMAINING 2 ENTRIES SKIPPED


---- ConeV  =G=  

ConeV(n1)..  - (0.545683957582387)*FixV(n1) + v(n1) - (0.215132579032192)*v3(n1) =G= 0 ; (LHS = 3.07316608272323E-9)
     
ConeV(n2)..  - (0.493737486922903)*FixV(n2) + v(n2) - (0.182973054225485)*v3(n2) =G= 0 ; (LHS = 3.24467144818819E-9)
     
ConeV(n3)..  - (0.488822342572471)*FixV(n3) + v(n3) - (0.180092517747705)*v3(n3) =G= 0 ; (LHS = 3.64998001267658E-9)
     
REMAINING 2 ENTRIES SKIPPED


---- defSU2  =E=  

defSU2(n1,n2)..  q(n1) - q(n2) + u3(n1,n2) - zz(n1) =E= -2.30258509299405 ; (LHS = -1.52605070655695, INFES = 0.776534386437092 ****)
     
defSU2(n1,n3)..  q(n1) - q(n3) + u3(n1,n3) - zz(n1) =E= -1.6094379124341 ; (LHS = -0.832903526077988, INFES = 0.776534386356112 ****)
     
defSU2(n1,n4)..  q(n1) - q(n4) + u3(n1,n4) - zz(n1) =E= -2.30258509299405 ; (LHS = -1.52605070646272, INFES = 0.77653438653133 ****)
     
REMAINING 13 ENTRIES SKIPPED


---- defDU2  =E=  

defDU2(n1)..  q(n1) + u3(n1,n1) - zz(n1) =E= -4.60517018598809 ; (LHS = -3.8286357989233, INFES = 0.776534387064793 ****)
     
defDU2(n2)..  q(n2) + u3(n2,n2) - zz(n2) =E= -4.60517018598809 ; (LHS = -3.82863579816458, INFES = 0.776534387823509 ****)
     
defDU2(n3)..  q(n3) + u3(n3,n3) - zz(n3) =E= -5.29831736654804 ; (LHS = -4.5217829783532, INFES = 0.776534388194832 ****)
     
REMAINING 2 ENTRIES SKIPPED


---- defv3  =E=  

defv3(n1)..  - q(n1) + v3(n1) =E= 0.693147180559945 ; (LHS = 0.693147180559945)
     
defv3(n2)..  - q(n2) + v3(n2) =E= 0.693147180559945 ; (LHS = 0.693147180559945)
     
defv3(n3)..  - q(n3) + v3(n3) =E= 0.693147180559945 ; (LHS = 0.693147180559945)
     
REMAINING 2 ENTRIES SKIPPED


---- defobj  =E=  

defobj..  - zz(n1) - zz(n2) - zz(n3) - zz(n4) - zz(n5) + obj =E= 0 ; (LHS = 0)
     
GAMS 31.1.0  r55b6ce3 Released May  1, 2020 WEX-WEI x86 64bit/MS Windows - 07/07/20 17:09:24 Page 7
G e n e r a l   A l g e b r a i c   M o d e l i n g   S y s t e m
Column Listing      SOLVE Average Using NLP From line 74


---- q  

q(n1)
                (.LO, .L, .UP, .M = -INF, -2.22964797480149, +INF, EPS)
        1       defSU2(n1,n2)
        1       defSU2(n1,n3)
        1       defSU2(n1,n4)
       -1       defSU2(n2,n1)
       -1       defSU2(n3,n1)
       -1       defSU2(n4,n1)
        1       defDU2(n1)
       -1       defv3(n1)

q(n2)
                (.LO, .L, .UP, .M = -INF, -2.3915635622117, +INF, EPS)
       -1       defSU2(n1,n2)
        1       defSU2(n2,n1)
        1       defSU2(n2,n3)
        1       defSU2(n2,n4)
       -1       defSU2(n3,n2)
       -1       defSU2(n4,n2)
        1       defDU2(n2)
       -1       defv3(n2)

q(n3)
                (.LO, .L, .UP, .M = -INF, -2.40743175321095, +INF, EPS)
       -1       defSU2(n1,n3)
       -1       defSU2(n2,n3)
        1       defSU2(n3,n1)
        1       defSU2(n3,n2)
        1       defSU2(n3,n4)
        1       defSU2(n3,n5)
       -1       defSU2(n4,n3)
       -1       defSU2(n5,n3)
        1       defDU2(n3)
       -1       defv3(n3)

REMAINING 2 ENTRIES SKIPPED

---- FixU  

FixU(n1,n1)
                (.LO, .L, .UP, .M = 1, 1, 1, -0.102953952679602)
      (-0.5253) ConeDU(n1)

FixU(n1,n2)
                (.LO, .L, .UP, .M = 1, 1, 1, -0.0974091453347418)
      (-0.497)  ConeSU(n1,n2)

FixU(n1,n3)
                (.LO, .L, .UP, .M = 1, 1, 1, -0.143456200322712)
      (-0.7318) ConeSU(n1,n3)

REMAINING 18 ENTRIES SKIPPED

---- u  

u(n1,n1)
                (.LO, .L, .UP, .M = 0, 0.202100980992693, +INF, EPS)
        1       SmallestS(n1)
        1       ConeDU(n1)

u(n1,n2)
                (.LO, .L, .UP, .M = 0, 0.18489516688849, +INF, EPS)
        1       SmallestS(n1)
        1       ConeSU(n1,n2)

u(n1,n3)
                (.LO, .L, .UP, .M = 0, 0.363968737166674, +INF, EPS)
        1       SmallestS(n1)
        1       ConeSU(n1,n3)

REMAINING 18 ENTRIES SKIPPED

---- u3  

u3(n1,n1)
                (.LO, .L, .UP, .M = -INF, -1.59898782412181, +INF, EPS)
      (-0.2021) ConeDU(n1)
        1       defDU2(n1)

u3(n1,n2)
                (.LO, .L, .UP, .M = -INF, -1.68796629396717, +INF, EPS)
      (-0.1849) ConeSU(n1,n2)
        1       defSU2(n1,n2)

u3(n1,n3)
                (.LO, .L, .UP, .M = -INF, -1.01068730448745, +INF, EPS)
      (-0.364)  ConeSU(n1,n3)
        1       defSU2(n1,n3)

REMAINING 18 ENTRIES SKIPPED

---- FixV  

FixV(n1)
                (.LO, .L, .UP, .M = 1, 1, 1, -0.100486663958401)
      (-0.5457) ConeV(n1)

FixV(n2)
                (.LO, .L, .UP, .M = 1, 1, 1, -0.0909193490353861)
      (-0.4937) ConeV(n2)

FixV(n3)
                (.LO, .L, .UP, .M = 1, 1, 1, -0.0900155494549728)
      (-0.4888) ConeV(n3)

REMAINING 2 ENTRIES SKIPPED

---- v  

v(n1)
                (.LO, .L, .UP, .M = 0, 0.215132582105359, +INF, EPS)
        1       TransPower
        1       ConeV(n1)

v(n2)
                (.LO, .L, .UP, .M = 0, 0.182973057470156, +INF, EPS)
        1       TransPower
        1       ConeV(n2)

v(n3)
                (.LO, .L, .UP, .M = 0, 0.180092521397685, +INF, EPS)
        1       TransPower
        1       ConeV(n3)

REMAINING 2 ENTRIES SKIPPED

---- v3  

v3(n1)
                (.LO, .L, .UP, .M = -INF, -1.53650079424154, +INF, EPS)
      (-0.2151) ConeV(n1)
        1       defv3(n1)

v3(n2)
                (.LO, .L, .UP, .M = -INF, -1.69841638165176, +INF, EPS)
      (-0.183)  ConeV(n2)
        1       defv3(n2)

v3(n3)
                (.LO, .L, .UP, .M = -INF, -1.714284572651, +INF, EPS)
      (-0.1801) ConeV(n3)
        1       defv3(n3)

REMAINING 2 ENTRIES SKIPPED

---- zz  

zz(n1)
                (.LO, .L, .UP, .M = -INF, 0, +INF, 0)
       -1       defSU2(n1,n2)
       -1       defSU2(n1,n3)
       -1       defSU2(n1,n4)
       -1       defDU2(n1)
       -1       defobj

zz(n2)
                (.LO, .L, .UP, .M = -INF, 0, +INF, 0)
       -1       defSU2(n2,n1)
       -1       defSU2(n2,n3)
       -1       defSU2(n2,n4)
       -1       defDU2(n2)
       -1       defobj

zz(n3)
                (.LO, .L, .UP, .M = -INF, 0, +INF, 0)
       -1       defSU2(n3,n1)
       -1       defSU2(n3,n2)
       -1       defSU2(n3,n4)
       -1       defSU2(n3,n5)
       -1       defDU2(n3)
       -1       defobj

REMAINING 2 ENTRIES SKIPPED

---- obj  

obj
                (.LO, .L, .UP, .M = -INF, 0, +INF, 0)
        1       defobj

GAMS 31.1.0  r55b6ce3 Released May  1, 2020 WEX-WEI x86 64bit/MS Windows - 07/07/20 17:09:24 Page 8
G e n e r a l   A l g e b r a i c   M o d e l i n g   S y s t e m
Model Statistics    SOLVE Average Using NLP From line 74


MODEL STATISTICS

BLOCKS OF EQUATIONS           9     SINGLE EQUATIONS           59
BLOCKS OF VARIABLES           9     SINGLE VARIABLES           89
NON ZERO ELEMENTS           199     NON LINEAR N-Z             52
DERIVATIVE POOL              20     CONSTANT POOL              16
CODE LENGTH                 208


GENERATION TIME      =        0.046 SECONDS      3 MB  31.1.0 r55b6ce3 WEX-WEI


EXECUTION TIME       =        0.046 SECONDS      3 MB  31.1.0 r55b6ce3 WEX-WEI
GAMS 31.1.0  r55b6ce3 Released May  1, 2020 WEX-WEI x86 64bit/MS Windows - 07/07/20 17:09:24 Page 9
G e n e r a l   A l g e b r a i c   M o d e l i n g   S y s t e m
Solution Report     SOLVE Average Using NLP From line 74


               S O L V E      S U M M A R Y

     MODEL   Average             OBJECTIVE  obj
     TYPE    NLP                 DIRECTION  MAXIMIZE
     SOLVER  MOSEK               FROM LINE  74

**** SOLVER STATUS     1 Normal Completion         
**** MODEL STATUS      1 Optimal                   
**** OBJECTIVE VALUE                4.3649

 RESOURCE USAGE, LIMIT          0.031      1000.000
 ITERATION COUNT, LIMIT         8    2000000000
 EVALUATION ERRORS             NA             0

---- EQU SmallestS  

          LOWER          LEVEL          UPPER         MARGINAL

n1        -INF            1.0000         1.0000         1.0000      
n2        -INF            1.0000         1.0000         1.0000      
n3        -INF            1.0000         1.0000         1.0000      
n4        -INF            1.0000         1.0000         1.0000      
n5        -INF            1.0000         1.0000         1.0000      

                           LOWER          LEVEL          UPPER         MARGINAL

---- EQU TransPower        -INF            1.0000         1.0000         1.2406      

---- EQU ConeSU  

             LOWER          LEVEL          UPPER         MARGINAL

n1.n2          .              .            +INF           -1.0000      
n1.n3          .              .            +INF           -1.0000      
n1.n4          .              .            +INF           -1.0000      
n2.n1          .              .            +INF           -1.0000      
n2.n3          .              .            +INF           -1.0000      
n2.n4          .              .            +INF           -1.0000      
n3.n1          .              .            +INF           -1.0000      
n3.n2          .              .            +INF           -1.0000      
n3.n4          .              .            +INF           -1.0000      
n3.n5          .              .            +INF           -1.0000      
n4.n1          .              .            +INF           -1.0000      
n4.n2          .              .            +INF           -1.0000      
n4.n3          .              .            +INF           -1.0000      
n4.n5          .              .            +INF           -1.0000      
n5.n3          .              .            +INF           -1.0000      
n5.n4          .              .            +INF           -1.0000      

---- EQU ConeDU  

          LOWER          LEVEL          UPPER         MARGINAL

n1          .              .            +INF           -1.0000      
n2          .              .            +INF           -1.0000      
n3          .              .            +INF           -1.0000      
n4          .              .            +INF           -1.0000      
n5          .              .            +INF           -1.0000      

---- EQU ConeV  

          LOWER          LEVEL          UPPER         MARGINAL

n1          .              .            +INF           -1.2406      
n2          .              .            +INF           -1.2406      
n3          .              .            +INF           -1.2406      
n4          .              .            +INF           -1.2406      
n5          .              .            +INF           -1.2406      

---- EQU defSU2  

             LOWER          LEVEL          UPPER         MARGINAL

n1.n2        -2.3026        -2.3026        -2.3026        -0.3254      
n1.n3        -1.6094        -1.6094        -1.6094        -0.2357      
n1.n4        -2.3026        -2.3026        -2.3026        -0.1807      
n2.n1        -2.3026        -2.3026        -2.3026        -0.3254      
n2.n3        -2.3026        -2.3026        -2.3026        -0.1428      
n2.n4        -2.3026        -2.3026        -2.3026        -0.2190      
n3.n1        -2.3026        -2.3026        -2.3026        -0.2357      
n3.n2        -2.9957        -2.9957        -2.9957        -0.1428      
n3.n4        -2.3026        -2.3026        -2.3026        -0.1587      
n3.n5        -2.3026        -2.3026        -2.3026        -0.3495      
n4.n1        -2.3026        -2.3026        -2.3026        -0.1807      
n4.n2        -2.3026        -2.3026        -2.3026        -0.2190      
n4.n3        -1.6094        -1.6094        -1.6094        -0.1587      
n4.n5        -2.3026        -2.3026        -2.3026        -0.2679      
n5.n3        -1.6094        -1.6094        -1.6094        -0.3495      
n5.n4        -2.3026        -2.3026        -2.3026        -0.2679      

---- EQU defDU2  

          LOWER          LEVEL          UPPER         MARGINAL

n1        -4.6052        -4.6052        -4.6052        -0.2581      
n2        -4.6052        -4.6052        -4.6052        -0.3128      
n3        -5.2983        -5.2983        -5.2983        -0.1133      
n4        -4.6052        -4.6052        -4.6052        -0.1737      
n5        -4.6052        -4.6052        -4.6052        -0.3826      

---- EQU defv3  

          LOWER          LEVEL          UPPER         MARGINAL

n1         0.6931         0.6931         0.6931        -0.2581      
n2         0.6931         0.6931         0.6931        -0.3128      
n3         0.6931         0.6931         0.6931        -0.1133      
n4         0.6931         0.6931         0.6931        -0.1737      
n5         0.6931         0.6931         0.6931        -0.3826      

                           LOWER          LEVEL          UPPER         MARGINAL

---- EQU defobj              .              .              .             1.0000      

---- VAR q  

          LOWER          LEVEL          UPPER         MARGINAL

n1        -INF           -2.2630        +INF            EPS         
n2        -INF           -2.0710        +INF            EPS         
n3        -INF           -3.0864        +INF            EPS         
n4        -INF           -2.6590        +INF            EPS         
n5        -INF           -1.8694        +INF            EPS         

---- VAR FixU  

             LOWER          LEVEL          UPPER         MARGINAL

n1.n1         1.0000         1.0000         1.0000        -0.6077      
n1.n2         1.0000         1.0000         1.0000        -0.6907      
n1.n3         1.0000         1.0000         1.0000        -0.5764      
n1.n4         1.0000         1.0000         1.0000        -0.4899      
n2.n1         1.0000         1.0000         1.0000        -0.6907      
n2.n2         1.0000         1.0000         1.0000        -0.6763      
n2.n3         1.0000         1.0000         1.0000        -0.4208      
n2.n4         1.0000         1.0000         1.0000        -0.5516      
n3.n1         1.0000         1.0000         1.0000        -0.5764      
n3.n2         1.0000         1.0000         1.0000        -0.4208      
n3.n3         1.0000         1.0000         1.0000        -0.3600      
n3.n4         1.0000         1.0000         1.0000        -0.4507      
n3.n5         1.0000         1.0000         1.0000        -0.7169      
n4.n1         1.0000         1.0000         1.0000        -0.4899      
n4.n2         1.0000         1.0000         1.0000        -0.5516      
n4.n3         1.0000         1.0000         1.0000        -0.4508      
n4.n4         1.0000         1.0000         1.0000        -0.4778      
n4.n5         1.0000         1.0000         1.0000        -0.6208      
n5.n3         1.0000         1.0000         1.0000        -0.7169      
n5.n4         1.0000         1.0000         1.0000        -0.6208      
n5.n5         1.0000         1.0000         1.0000        -0.7502      

---- VAR u  

             LOWER          LEVEL          UPPER         MARGINAL

n1.n1          .             0.2581        +INF            EPS         
n1.n2          .             0.3254        +INF            EPS         
n1.n3          .             0.2358        +INF            EPS         
n1.n4          .             0.1807        +INF            EPS         
n2.n1          .             0.3254        +INF            EPS         
n2.n2          .             0.3128        +INF            EPS         
n2.n3          .             0.1428        +INF            EPS         
n2.n4          .             0.2190        +INF            EPS         
n3.n1          .             0.2358        +INF            EPS         
n3.n2          .             0.1428        +INF            EPS         
n3.n3          .             0.1133        +INF            EPS         
n3.n4          .             0.1587        +INF            EPS         
n3.n5          .             0.3495        +INF            EPS         
n4.n1          .             0.1807        +INF            EPS         
n4.n2          .             0.2190        +INF            EPS         
n4.n3          .             0.1587        +INF            EPS         
n4.n4          .             0.1737        +INF            EPS         
n4.n5          .             0.2679        +INF            EPS         
n5.n3          .             0.3495        +INF            EPS         
n5.n4          .             0.2679        +INF            EPS         
n5.n5          .             0.3826        +INF            EPS         

---- VAR u3  

             LOWER          LEVEL          UPPER         MARGINAL

n1.n1        -INF           -1.3543        +INF            EPS         
n1.n2        -INF           -1.1227        +INF            EPS         
n1.n3        -INF           -1.4450        +INF            EPS         
n1.n4        -INF           -1.7107        +INF            EPS         
n2.n1        -INF           -1.1227        +INF            EPS         
n2.n2        -INF           -1.1623        +INF            EPS         
n2.n3        -INF           -1.9461        +INF            EPS         
n2.n4        -INF           -1.5187        +INF            EPS         
n3.n1        -INF           -1.4450        +INF            EPS         
n3.n2        -INF           -1.9461        +INF            EPS         
n3.n3        -INF           -2.1777        +INF            EPS         
n3.n4        -INF           -1.8410        +INF            EPS         
n3.n5        -INF           -1.0514        +INF            EPS         
n4.n1        -INF           -1.7107        +INF            EPS         
n4.n2        -INF           -1.5187        +INF            EPS         
n4.n3        -INF           -1.8410        +INF            EPS         
n4.n4        -INF           -1.7503        +INF            EPS         
n4.n5        -INF           -1.3172        +INF            EPS         
n5.n3        -INF           -1.0513        +INF            EPS         
n5.n4        -INF           -1.3171        +INF            EPS         
n5.n5        -INF           -0.9607        +INF            EPS         

---- VAR FixV  

          LOWER          LEVEL          UPPER         MARGINAL

n1         1.0000         1.0000         1.0000        -0.6633      
n2         1.0000         1.0000         1.0000        -0.7437      
n3         1.0000         1.0000         1.0000        -0.3845      
n4         1.0000         1.0000         1.0000        -0.5152      
n5         1.0000         1.0000         1.0000        -0.8327      

---- VAR v  

          LOWER          LEVEL          UPPER         MARGINAL

n1          .             0.2081        +INF            EPS         
n2          .             0.2521        +INF            EPS         
n3          .             0.0913        +INF            EPS         
n4          .             0.1400        +INF            EPS         
n5          .             0.3084        +INF            EPS         

---- VAR v3  

          LOWER          LEVEL          UPPER         MARGINAL

n1        -INF           -1.5699        +INF            EPS         
n2        -INF           -1.3778        +INF            EPS         
n3        -INF           -2.3932        +INF            EPS         
n4        -INF           -1.9659        +INF            EPS         
n5        -INF           -1.1763        +INF            EPS         

---- VAR zz  

          LOWER          LEVEL          UPPER         MARGINAL

n1        -INF            0.9878        +INF            EPS         
n2        -INF            1.3719        +INF            EPS         
n3        -INF            0.0342        +INF            EPS         
n4        -INF            0.1958        +INF            EPS         
n5        -INF            1.7751        +INF            EPS         

                           LOWER          LEVEL          UPPER         MARGINAL

---- VAR obj               -INF            4.3649        +INF             .          


**** REPORT SUMMARY :        0     NONOPT
                             0 INFEASIBLE
                             0  UNBOUNDED
                             0     ERRORS
                            35  PROJECTED
GAMS 31.1.0  r55b6ce3 Released May  1, 2020 WEX-WEI x86 64bit/MS Windows - 07/07/20 17:09:24 Page 10
G e n e r a l   A l g e b r a i c   M o d e l i n g   S y s t e m
E x e c u t i o n


EXECUTION TIME       =        0.000 SECONDS      3 MB  31.1.0 r55b6ce3 WEX-WEI


USER: Michael Ferris Research Group - Eval           G191008/0001AS-GEN
      UW-Madison Computer Sciences Dept.                         DCE244
      License for teaching and research at degree granting institutions


**** FILE SUMMARY

Input      C:\Users\hasee\Documents\GitHub\GAMS-MIRO\SINRs\SINR.gms
Output     C:\Users\hasee\Documents\GitHub\GAMS-MIRO\SINRs\SINR.lst
